// Jest Snapshot v1, https://goo.gl/fbAQLP

exports[`PrimeraApp test debe mostrar <PrimeraApp/> correctamente 1`] = `
<Fragment>
  <h1>
     
    Hola, soy goku
     
  </h1>
  <p>
    Soy un subtitulo
  </p>
</Fragment>
`;
